exports[`test renders correctly 1`] = `
<div>
  <input
    checked={false}
    id="answer-input-1"
    onChange={[Function]}
    type="radio"
    value={1} />
  <label
    htmlFor="answer-input-1">
    Una respuesta
  </label>
</div>
`;
